#! /usr/bin/vvp
:ivl_version "12.0 (stable)";
:ivl_delay_selection "TYPICAL";
:vpi_time_precision - 12;
:vpi_module "/usr/lib/x86_64-linux-gnu/ivl/system.vpi";
:vpi_module "/usr/lib/x86_64-linux-gnu/ivl/vhdl_sys.vpi";
:vpi_module "/usr/lib/x86_64-linux-gnu/ivl/vhdl_textio.vpi";
:vpi_module "/usr/lib/x86_64-linux-gnu/ivl/v2005_math.vpi";
:vpi_module "/usr/lib/x86_64-linux-gnu/ivl/va_math.vpi";
S_0x6110728334c0 .scope module, "Semaforo_TB" "Semaforo_TB" 2 4;
 .timescale -9 -12;
P_0x611072833650 .param/real "DUTY_CYCLE" 0 2 15, Cr<m4000000000000000gfc1>; value=0.500000
P_0x611072833690 .param/l "OFFSET" 0 2 16, +C4<00000000000000000000000000000000>;
P_0x6110728336d0 .param/l "PERIOD" 0 2 14, +C4<00000000000000000000000000010100>;
v0x61107288a1b0_0 .var "clk", 0 0;
v0x61107288a270_0 .net "green", 0 0, v0x611072889cd0_0;  1 drivers
v0x61107288a340_0 .net "red", 0 0, v0x611072889e80_0;  1 drivers
v0x61107288a440_0 .var "rst", 0 0;
v0x61107288a510_0 .net "yellow", 0 0, v0x61107288a050_0;  1 drivers
S_0x61107286f700 .scope begin, "TEST_CASE" "TEST_CASE" 2 45, 2 45 0, S_0x6110728334c0;
 .timescale -9 -12;
S_0x61107286f890 .scope module, "uut" "Semaforo" 2 12, 3 1 0, S_0x6110728334c0;
 .timescale -9 -12;
    .port_info 0 /INPUT 1 "clk";
    .port_info 1 /INPUT 1 "rst";
    .port_info 2 /OUTPUT 1 "green";
    .port_info 3 /OUTPUT 1 "yellow";
    .port_info 4 /OUTPUT 1 "red";
v0x61107286ca70_0 .net "clk", 0 0, v0x61107288a1b0_0;  1 drivers
v0x611072889cd0_0 .var "green", 0 0;
v0x611072889d90_0 .var "i", 4 0;
v0x611072889e80_0 .var "red", 0 0;
v0x611072889f40_0 .net "rst", 0 0, v0x61107288a440_0;  1 drivers
v0x61107288a050_0 .var "yellow", 0 0;
E_0x611072870800 .event anyedge, v0x611072889f40_0, v0x611072889d90_0;
E_0x61107286ffb0 .event posedge, v0x61107286ca70_0;
    .scope S_0x61107286f890;
T_0 ;
    %wait E_0x61107286ffb0;
    %load/vec4 v0x611072889f40_0;
    %flag_set/vec4 8;
    %jmp/0xz  T_0.0, 8;
    %pushi/vec4 0, 0, 5;
    %assign/vec4 v0x611072889d90_0, 0;
    %jmp T_0.1;
T_0.0 ;
    %load/vec4 v0x611072889d90_0;
    %cmpi/u 18, 0, 5;
    %flag_inv 5; GE is !LT
    %jmp/0xz  T_0.2, 5;
    %pushi/vec4 0, 0, 5;
    %assign/vec4 v0x611072889d90_0, 0;
    %jmp T_0.3;
T_0.2 ;
    %load/vec4 v0x611072889d90_0;
    %addi 1, 0, 5;
    %assign/vec4 v0x611072889d90_0, 0;
T_0.3 ;
T_0.1 ;
    %jmp T_0;
    .thread T_0;
    .scope S_0x61107286f890;
T_1 ;
    %wait E_0x611072870800;
    %load/vec4 v0x611072889f40_0;
    %flag_set/vec4 8;
    %jmp/0xz  T_1.0, 8;
    %pushi/vec4 0, 0, 1;
    %store/vec4 v0x611072889cd0_0, 0, 1;
    %pushi/vec4 0, 0, 1;
    %store/vec4 v0x61107288a050_0, 0, 1;
    %pushi/vec4 0, 0, 1;
    %store/vec4 v0x611072889e80_0, 0, 1;
T_1.0 ;
    %load/vec4 v0x611072889d90_0;
    %pad/u 32;
    %cmpi/u 5, 0, 32;
    %flag_or 5, 4;
    %jmp/0xz  T_1.2, 5;
    %pushi/vec4 1, 0, 1;
    %store/vec4 v0x611072889cd0_0, 0, 1;
    %pushi/vec4 0, 0, 1;
    %store/vec4 v0x61107288a050_0, 0, 1;
    %pushi/vec4 0, 0, 1;
    %store/vec4 v0x611072889e80_0, 0, 1;
    %jmp T_1.3;
T_1.2 ;
    %load/vec4 v0x611072889d90_0;
    %pad/u 32;
    %cmpi/u 5, 0, 32;
    %flag_or 5, 4; GT is !LE
    %flag_inv 5;
    %flag_get/vec4 5;
    %jmp/0 T_1.6, 5;
    %load/vec4 v0x611072889d90_0;
    %pad/u 32;
    %cmpi/u 7, 0, 32;
    %flag_get/vec4 4;
    %flag_get/vec4 5;
    %or;
    %and;
T_1.6;
    %flag_set/vec4 8;
    %jmp/0xz  T_1.4, 8;
    %pushi/vec4 0, 0, 1;
    %store/vec4 v0x611072889cd0_0, 0, 1;
    %pushi/vec4 1, 0, 1;
    %store/vec4 v0x61107288a050_0, 0, 1;
    %pushi/vec4 0, 0, 1;
    %store/vec4 v0x611072889e80_0, 0, 1;
    %jmp T_1.5;
T_1.4 ;
    %load/vec4 v0x611072889d90_0;
    %pad/u 32;
    %cmpi/u 7, 0, 32;
    %flag_or 5, 4; GT is !LE
    %flag_inv 5;
    %flag_get/vec4 5;
    %jmp/0 T_1.9, 5;
    %load/vec4 v0x611072889d90_0;
    %pad/u 32;
    %cmpi/u 11, 0, 32;
    %flag_get/vec4 4;
    %flag_get/vec4 5;
    %or;
    %and;
T_1.9;
    %flag_set/vec4 8;
    %jmp/0xz  T_1.7, 8;
    %pushi/vec4 0, 0, 1;
    %store/vec4 v0x611072889cd0_0, 0, 1;
    %pushi/vec4 0, 0, 1;
    %store/vec4 v0x61107288a050_0, 0, 1;
    %pushi/vec4 1, 0, 1;
    %store/vec4 v0x611072889e80_0, 0, 1;
    %jmp T_1.8;
T_1.7 ;
    %load/vec4 v0x611072889d90_0;
    %pad/u 32;
    %cmpi/u 11, 0, 32;
    %flag_or 5, 4; GT is !LE
    %flag_inv 5;
    %flag_get/vec4 5;
    %jmp/0 T_1.12, 5;
    %load/vec4 v0x611072889d90_0;
    %pad/u 32;
    %cmpi/u 13, 0, 32;
    %flag_get/vec4 4;
    %flag_get/vec4 5;
    %or;
    %and;
T_1.12;
    %flag_set/vec4 8;
    %jmp/0xz  T_1.10, 8;
    %pushi/vec4 0, 0, 1;
    %store/vec4 v0x611072889cd0_0, 0, 1;
    %pushi/vec4 1, 0, 1;
    %store/vec4 v0x61107288a050_0, 0, 1;
    %pushi/vec4 0, 0, 1;
    %store/vec4 v0x611072889e80_0, 0, 1;
    %jmp T_1.11;
T_1.10 ;
    %load/vec4 v0x611072889d90_0;
    %pad/u 32;
    %cmpi/u 13, 0, 32;
    %flag_or 5, 4; GT is !LE
    %flag_inv 5;
    %flag_get/vec4 5;
    %jmp/0 T_1.15, 5;
    %load/vec4 v0x611072889d90_0;
    %pad/u 32;
    %cmpi/u 18, 0, 32;
    %flag_get/vec4 4;
    %flag_get/vec4 5;
    %or;
    %and;
T_1.15;
    %flag_set/vec4 8;
    %jmp/0xz  T_1.13, 8;
    %pushi/vec4 1, 0, 1;
    %store/vec4 v0x611072889cd0_0, 0, 1;
    %pushi/vec4 0, 0, 1;
    %store/vec4 v0x61107288a050_0, 0, 1;
    %pushi/vec4 0, 0, 1;
    %store/vec4 v0x611072889e80_0, 0, 1;
T_1.13 ;
T_1.11 ;
T_1.8 ;
T_1.5 ;
T_1.3 ;
    %jmp T_1;
    .thread T_1, $push;
    .scope S_0x6110728334c0;
T_2 ;
    %delay 0, 0;
T_2.0 ;
    %pushi/vec4 0, 0, 1;
    %store/vec4 v0x61107288a1b0_0, 0, 1;
    %delay 10000, 0;
    %pushi/vec4 1, 0, 1;
    %store/vec4 v0x61107288a1b0_0, 0, 1;
    %delay 10000, 0;
    %jmp T_2.0;
    %end;
    .thread T_2;
    .scope S_0x6110728334c0;
T_3 ;
    %pushi/vec4 1, 0, 1;
    %store/vec4 v0x61107288a440_0, 0, 1;
    %delay 20000, 0;
    %pushi/vec4 0, 0, 1;
    %store/vec4 v0x61107288a440_0, 0, 1;
    %delay 20000, 0;
    %pushi/vec4 0, 0, 1;
    %store/vec4 v0x61107288a440_0, 0, 1;
    %delay 20000, 0;
    %pushi/vec4 0, 0, 1;
    %store/vec4 v0x61107288a440_0, 0, 1;
    %delay 500000, 0;
    %pushi/vec4 1, 0, 1;
    %store/vec4 v0x61107288a440_0, 0, 1;
    %delay 20000, 0;
    %pushi/vec4 0, 0, 1;
    %store/vec4 v0x61107288a440_0, 0, 1;
    %delay 1000000, 0;
    %vpi_call 2 42 "$finish" {0 0 0};
    %end;
    .thread T_3;
    .scope S_0x6110728334c0;
T_4 ;
    %fork t_1, S_0x61107286f700;
    %jmp t_0;
    .scope S_0x61107286f700;
t_1 ;
    %vpi_call 2 46 "$dumpfile", "Semaforo_TB.vcd" {0 0 0};
    %vpi_call 2 47 "$dumpvars", 32'sb11111111111111111111111111111111, S_0x61107286f890 {0 0 0};
    %end;
    .scope S_0x6110728334c0;
t_0 %join;
    %end;
    .thread T_4;
# The file index is used to find the file name in the following table.
:file_names 4;
    "N/A";
    "<interactive>";
    "Semaforo_TB.v";
    "Semaforo.v";
